START 2026-10-08T20:37:23.5814769+05:30
already on release: 25
UPLOADING 164 files
[1/164] 20:37:25 COA_Video_Resources_GATE2025.pdf (0 MB)
[2/164] 20:37:29 30_Day_GATE_CSE_Revision_Checklist.pdf (0 MB)
[3/164] 20:37:33 TNCIT000000013099440.pdf (0.1 MB)
[4/164] 20:37:38 Computer Network _ Weekly Test 01 - Test Paper.pdf (0.2 MB)
[5/164] 20:37:44 CS2010.pdf (0.2 MB)
[6/164] 20:37:50 GATE_CS_2010.pdf (0.2 MB)
[7/164] 20:37:57 Computer Network _ Weekly Test 07 - Test Paper.pdf (0.2 MB)
[8/164] 20:38:03 Computer Organization and Architecture _ Weekly Test 03 - Test Paper.pdf (0.2 MB)
[9/164] 20:38:08 Computer Organization and Architecture _ Weekly Test 02 - Test Paper.pdf (0.2 MB)
[10/164] 20:38:13 Operating System _ Weekly Test 03 - Test Paper.pdf (0.2 MB)
[11/164] 20:38:18 C Programming _ Weekly Test 03 - Test Paper.pdf (0.2 MB)
[12/164] 20:38:22 WeeklyTest_Algorithms_02.pdf (0.2 MB)
[13/164] 20:38:28 Computer Organization and Architecture _ Weekly Test 04 - Test Paper.pdf (0.2 MB)
[14/164] 20:38:33 Database Management System _ Weekly Test 04 - Test Paper.pdf (0.2 MB)
[15/164] 20:38:39 Operating System _ Weekly Test 02 - Test Paper.pdf (0.2 MB)
[16/164] 20:38:45 Computer Network _ Weekly Test 03 - Test Paper.pdf (0.2 MB)
[17/164] 20:38:50 Computer Network _ Weekly Test 02 - Test Paper.pdf (0.2 MB)
[18/164] 20:38:55 Computer Network _ Weekly Test 06 - Test Paper.pdf (0.2 MB)
[19/164] 20:39:01 WeeklyTest_Algorithms_03.pdf (0.2 MB)
[20/164] 20:39:07 C Programming _ Weekly Test 04 - Test Paper.pdf (0.2 MB)
[21/164] 20:39:11 Database Management System _ Weekly Test 01 - Test Paper.pdf (0.2 MB)
[22/164] 20:39:18 Compiler Design _ Weekly Test 02 - Test Paper.pdf (0.3 MB)
[23/164] 20:39:24 WeeklyTest_Algorithms_01.pdf (0.3 MB)
[24/164] 20:39:30 WeeklyTest_Algorithms_04.pdf (0.3 MB)
[25/164] 20:39:35 Database Management System _ Weekly Test 06 - Test Paper.pdf (0.3 MB)
[26/164] 20:39:43 Computer Network _ Weekly Test 09 - Test Paper.pdf (0.3 MB)
[27/164] 20:39:55 Theory Of Computation _ Weekly Test 03 - Test Paper.pdf (0.3 MB)
[28/164] 20:40:08 Computer Network _ Weekly Test 08 - Test Paper.pdf (0.3 MB)
[29/164] 20:40:17 Computer Organization and Architecture _ Weekly Test 01 - Test Paper.pdf (0.3 MB)
[30/164] 20:40:29 Database Management System _ Weekly Test 03 - Test Paper.pdf (0.3 MB)
[31/164] 20:40:35 09 CN practice questions set 5.pdf (0.3 MB)
[32/164] 20:40:42 Operating System _ Weekly Test 05 - Test Paper.pdf (0.3 MB)
[33/164] 20:40:47 GATE_CS_2012.pdf (0.3 MB)
[34/164] 20:41:03 CS2012.pdf (0.3 MB)
[35/164] 20:41:07 Digital logic _ Weekly Test 01 - Test Paper.pdf (0.3 MB)
[36/164] 20:41:13 05 CN practice questions set 3.pdf (0.3 MB)
[37/164] 20:41:17 Discrete Mathematics _ Weekly Test 07 - Test Paper.pdf (0.3 MB)
[38/164] 20:41:22 03 CN practice questions set 2.pdf (0.3 MB)
[39/164] 20:41:26 Compiler Design _ Weekly Test 03 - Test Paper.pdf (0.3 MB)
[40/164] 20:41:31 Database Management System _ Weekly Test 07 - Test Paper.pdf (0.3 MB)
[41/164] 20:41:37 06 CN solutions set 3.pdf (0.3 MB)
[42/164] 20:41:47 Discrete Mathematics _ Weekly Test 06 - Test Paper.pdf (0.3 MB)
[43/164] 20:41:56 WeeklyTest_Algorithms_05.pdf (0.3 MB)
[44/164] 20:42:02 Discrete Mathematics _ Weekly Test 03 - Test Paper.pdf (0.3 MB)
[45/164] 20:42:08 Compiler Design _ Weekly Test 01 - Test Paper.pdf (0.3 MB)
[46/164] 20:42:15 07 CN practice questions set 4.pdf (0.3 MB)
[47/164] 20:42:23 08 CN solutions set 4.pdf (0.4 MB)
[48/164] 20:42:28 Operating System _ Weekly Test 04 - Test Paper.pdf (0.4 MB)
[49/164] 20:42:34 Operating System _ Weekly Test 06 - Test Paper.pdf (0.4 MB)
[50/164] 20:42:40 GATE_CS_2018.pdf (0.4 MB)
[51/164] 20:42:52 CS2018.pdf (0.4 MB)
[52/164] 20:43:05 Database Management System _ Weekly Test 02 - Test Paper.pdf (0.4 MB)
[53/164] 20:43:11 C Programming _ Weekly Test 05 - Test Paper.pdf (0.4 MB)
[54/164] 20:43:15 GATE_CS_2023.pdf (0.4 MB)
[55/164] 20:43:23 CS2023.pdf (0.4 MB)
[56/164] 20:43:31 Database Management System _ Weekly Test 05 - Test Paper.pdf (0.4 MB)
[57/164] 20:43:35 Operating System _ Weekly Test 07 - Test Paper.pdf (0.4 MB)
[58/164] 20:43:40 01 CN practice questions set 1.pdf (0.4 MB)
[59/164] 20:43:45 Digital logic _ Weekly Test 02 - Test Paper.pdf (0.4 MB)
[60/164] 20:43:50 Discrete Mathematics _ Weekly Test 01 - Test Paper.pdf (0.5 MB)
[61/164] 20:43:56 Digital logic _ Weekly Test 04 - Test Paper.pdf (0.5 MB)
[62/164] 20:44:02 Operating System _ Weekly Test 01 - Test Paper.pdf (0.5 MB)
[63/164] 20:44:08 Theory Of Computation _  Weekly Test 01 - Test Paper.pdf (0.5 MB)
[64/164] 20:44:14 Discrete Mathematics _ Weekly Test 04 - Test Paper.pdf (0.5 MB)
[65/164] 20:44:20 Theory Of Computation _ Weekly Test 05 - Test Paper.pdf (0.5 MB)
[66/164] 20:44:27 Digital logic _ Weekly Test 05 - Test Paper.pdf (0.5 MB)
[67/164] 20:44:35 Digital logic _ Weekly Test 03 - Test Paper.pdf (0.5 MB)
[68/164] 20:44:46 CS_2026_Syllabus.pdf (0.5 MB)
[69/164] 20:44:52 CS2022.pdf (0.5 MB)
[70/164] 20:44:59 GATE_CS_2022.pdf (0.5 MB)
[71/164] 20:45:10 Discrete Mathematics _ Weekly Test 05 - Test Paper.pdf (0.5 MB)
[72/164] 20:45:18 CS2016.pdf (0.5 MB)
[73/164] 20:47:59 GATE_CS_2016.pdf (0.5 MB)
[74/164] 20:48:04 Rankers_Test.pdf (0.6 MB)
[75/164] 20:48:07 Theory Of Computation _ Weekly Test 02 - Test Paper.pdf (0.6 MB)
[76/164] 20:48:11 Theory Of Computation _ Weekly Test 04 - Test Paper.pdf (0.6 MB)
[77/164] 20:48:15 10 CN solutions set 5.PDF (0.6 MB)
[78/164] 20:48:20 C Programming _ Weekly Test 02 - Test Paper.pdf (0.6 MB)
[79/164] 20:48:24 02 CN solutions set 1.pdf (0.6 MB)
[80/164] 20:48:29 04 CN solutions set 2.pdf (0.7 MB)
[81/164] 20:48:35 CS2013.pdf (0.7 MB)
[82/164] 20:48:41 GATE_CS_2013.pdf (0.7 MB)
[83/164] 20:48:47 Computer Network _ Weekly Test 05 - Test Paper.pdf (0.7 MB)
[84/164] 20:48:52 GATE_CS_2025_CS2.pdf (0.7 MB)
[85/164] 20:48:58 C Programming _ Weekly Test 01 - Test Paper.pdf (0.8 MB)
[86/164] 20:49:05 Discrete Mathematics _ Weekly Test 02 - Test Paper.pdf (0.8 MB)
[87/164] 20:49:13 GATE_CS_2024_CS1.pdf (0.8 MB)
[88/164] 20:49:23 DPPs_CompilerDesign.pdf (0.8 MB)
[89/164] 20:49:30 Computer Network _ Weekly Test 04 - Test Paper.pdf (0.8 MB)
[90/164] 20:49:37 GATE_CS_2024_CS2.pdf (0.8 MB)
[91/164] 20:49:44 DPPs_Algorithms.pdf (0.9 MB)
[92/164] 20:49:50 GATE_CS_2025_CS1.pdf (1 MB)
[93/164] 20:50:01 GATE_CS_2011.pdf (1.3 MB)
[94/164] 20:50:18 CS2011.pdf (1.3 MB)
[95/164] 20:50:30 DPPs_COA.pdf (1.6 MB)
[96/164] 20:50:46 CS2020.pdf (2.2 MB)
[97/164] 20:50:59 GATE_CS_2020.pdf (2.2 MB)
[98/164] 20:51:06 GATE_CS_2014.pdf (2.4 MB)
[99/164] 20:51:14 CS2014.pdf (2.4 MB)
[100/164] 20:51:21 CS2019.pdf (2.4 MB)
[101/164] 20:51:29 GATE_CS_2019.pdf (2.4 MB)
[102/164] 20:51:36 CS2009.pdf (2.4 MB)
[103/164] 20:51:44 GATE_CS_2009.pdf (2.4 MB)
[104/164] 20:51:55 TimeComplexitiesPrgrmAndDSA.pdf (2.7 MB)
[105/164] 20:52:04 GATE_CS_2008.pdf (2.9 MB)
[106/164] 20:52:20 CS2008.pdf (2.9 MB)
[107/164] 20:52:32 CS2007.pdf (3.2 MB)
[108/164] 20:52:41 GATE_CS_2007.pdf (3.2 MB)
[109/164] 20:52:52 DPPs_DataStructures.pdf (3.4 MB)
[110/164] 20:53:01 GATE_CS_2017_CS2.pdf (3.9 MB)
[111/164] 20:53:13 CS2-2017.pdf (3.9 MB)
[112/164] 20:53:23 DPPs_ComputerNetworks.pdf (4.1 MB)
[113/164] 20:53:36 GATE_CS_2017_CS1.pdf (4.2 MB)
[114/164] 20:53:47 CS1-2017.pdf (4.2 MB)
[115/164] 20:53:58 DPPs_DigitalLogic.pdf (4.2 MB)
[116/164] 20:54:09 DPPs_DBMS.pdf (4.7 MB)
[117/164] 20:54:21 cdn.digialm.com__per_g01_pub_585_touchstone_AssessmentQPHTMLMode1__GATE2565_GATE2565S4D9609_17706391354396353_CS26S47401395_GATE2565S4D9609E1.html.pdf (5.2 MB)
[118/164] 20:54:35 ISRO_filter2.pdf (5.6 MB)
[119/164] 20:54:56 OS_Galvin.pdf (6.4 MB)
[120/164] 20:55:15 DPPs_Programming.pdf (7.3 MB)
[121/164] 20:55:32 GATE_CS_2021_CS2.pdf (7.4 MB)
[122/164] 20:55:52 CS2-2021.pdf (7.4 MB)
[123/164] 20:56:16 CS1-2021.pdf (7.6 MB)
[124/164] 20:56:38 GATE_CS_2021_CS1.pdf (7.6 MB)
[125/164] 20:56:56 DPPs_TOC.pdf (7.6 MB)
[126/164] 20:57:17 MadeEasy_Algorithms_1.pdf (8.3 MB)
[127/164] 20:57:35 GATE_CS_2015.pdf (9 MB)
[128/164] 20:57:55 CS2015.pdf (9 MB)
[129/164] 20:58:20 DPPs_OS.pdf (9.3 MB)
[130/164] 20:58:43 PyQ_2019_vol1.pdf (9.5 MB)
[131/164] 20:59:04 MadeEasy_TOC_1.pdf (9.5 MB)
[132/164] 20:59:31 MadeEasy_DiscreteMath_1.pdf (10.3 MB)
[133/164] 20:59:58 MadeEasy_ComputerNetworks_1.pdf (10.4 MB)
[134/164] 21:00:17 MadeEasy_CompilerDesign_1.pdf (10.6 MB)
[135/164] 21:00:35 MadeEasy_DigitalLogic_1.pdf (11.1 MB)
[136/164] 21:00:58 MadeEasy_Programming_DS_1.pdf (11.6 MB)
[137/164] 21:01:25 GATEAppliedcourseNotes-Algorithms.pdf (14.2 MB)
[138/164] 21:02:03 MadeEasy_COA_1.pdf (16.6 MB)
[139/164] 21:02:36 MadeEasy_OS_1.pdf (16.7 MB)
[140/164] 21:03:24 Aptitude_Volume1.pdf (17.6 MB)
[141/164] 21:04:12 MadeEasy_DBMS_1.pdf (18.5 MB)
[142/164] 21:05:03 GoGate_Volume-1.pdf (18.7 MB)
[143/164] 21:06:08 MadeEasy_GeneralEnglish.pdf (19.2 MB)
[144/164] 21:06:51 GoGate_Volume-2.pdf (24.9 MB)
[145/164] 21:09:23 MadeEasy_CompilerDesign_2.pdf (26.2 MB)
[146/164] 21:09:58 MadeEasy_DBMS_2.pdf (26.6 MB)
[147/164] 21:10:35 MadeEasy_Reasoning_Aptitude.pdf (26.8 MB)
[148/164] 21:11:10 MadeEasy_Maths.pdf (27.1 MB)
[149/164] 21:11:43 MadeEasy_Algorithms_2.pdf (31.3 MB)
[150/164] 21:12:28 PyQ_2019_vol2.pdf (31.9 MB)
[151/164] 21:13:15 PyQ_2019_vol3.pdf (35 MB)
[152/164] 21:14:17 MadeEasy_DigitalLogic_2.pdf (36.3 MB)
[153/164] 21:15:22 MadeEasy_TOC_2.pdf (37.8 MB)
[154/164] 21:16:22 DBMS_Notes.pdf (40.5 MB)
[155/164] 21:17:53 MadeEasy_COA_2.pdf (41.5 MB)
[156/164] 21:18:56 MadeEasy_Programming_DS_2.pdf (42.8 MB)
[157/164] 21:19:56 MadeEasy_GATE_CSE_Overview.pdf (44.5 MB)
[158/164] 21:21:00 CompilerDesign_Notes.pdf (47.6 MB)
[159/164] 21:22:14 MadeEasy_OS_2.pdf (49.3 MB)
  retry 1 failed for MadeEasy_OS_2.pdf: gh : Post "https://uploads.github.com/repos/dhansuhkumar/gate-cs-portal/releases/393840035/assets?label=&name=MadeEasy_
OS_2.pdf": dial tcp: lookup uploads.github.com: no such host
At D:\Gate\web-app\scripts\upload-pdfs.ps1:27 char:12
+     $out = gh release upload study-pdfs "$($f.FullName)" --clobber 2> ...
+            ~~~~~~~~~~~~~~~~~~~~~~~~~~~~~~~~~~~~~~~~~~~~~~~~~~~~~~~~~~
    + CategoryInfo          : NotSpecified: (Post "https://u...m: no such host:String) [], RemoteException
    + FullyQualifiedErrorId : NativeCommandError
  retry 2 failed for MadeEasy_OS_2.pdf: gh : error connecting to api.github.com
At D:\Gate\web-app\scripts\upload-pdfs.ps1:27 char:12
+     $out = gh release upload study-pdfs "$($f.FullName)" --clobber 2> ...
+            ~~~~~~~~~~~~~~~~~~~~~~~~~~~~~~~~~~~~~~~~~~~~~~~~~~~~~~~~~~
    + CategoryInfo          : NotSpecified: (error connecting to api.github.com:String) [], RemoteException
    + FullyQualifiedErrorId : NativeCommandError
 
check your internet connection or https://githubstatus.com
  retry 3 failed for MadeEasy_OS_2.pdf: gh : error connecting to api.github.com
At D:\Gate\web-app\scripts\upload-pdfs.ps1:27 char:12
+     $out = gh release upload study-pdfs "$($f.FullName)" --clobber 2> ...
+            ~~~~~~~~~~~~~~~~~~~~~~~~~~~~~~~~~~~~~~~~~~~~~~~~~~~~~~~~~~
    + CategoryInfo          : NotSpecified: (error connecting to api.github.com:String) [], RemoteException
    + FullyQualifiedErrorId : NativeCommandError
 
check your internet connection or https://githubstatus.com
  FAILED permanently: MadeEasy_OS_2.pdf
[160/164] 21:23:48 GoGate_Volume-3.pdf (50.1 MB)
  retry 1 failed for GoGate_Volume-3.pdf: gh : error connecting to api.github.com
At D:\Gate\web-app\scripts\upload-pdfs.ps1:27 char:12
+     $out = gh release upload study-pdfs "$($f.FullName)" --clobber 2> ...
+            ~~~~~~~~~~~~~~~~~~~~~~~~~~~~~~~~~~~~~~~~~~~~~~~~~~~~~~~~~~
    + CategoryInfo          : NotSpecified: (error connecting to api.github.com:String) [], RemoteException
    + FullyQualifiedErrorId : NativeCommandError
 
check your internet connection or https://githubstatus.com
  retry 2 failed for GoGate_Volume-3.pdf: gh : error connecting to api.github.com
At D:\Gate\web-app\scripts\upload-pdfs.ps1:27 char:12
+     $out = gh release upload study-pdfs "$($f.FullName)" --clobber 2> ...
+            ~~~~~~~~~~~~~~~~~~~~~~~~~~~~~~~~~~~~~~~~~~~~~~~~~~~~~~~~~~
    + CategoryInfo          : NotSpecified: (error connecting to api.github.com:String) [], RemoteException
    + FullyQualifiedErrorId : NativeCommandError
 
check your internet connection or https://githubstatus.com
  retry 3 failed for GoGate_Volume-3.pdf: gh : error connecting to api.github.com
At D:\Gate\web-app\scripts\upload-pdfs.ps1:27 char:12
+     $out = gh release upload study-pdfs "$($f.FullName)" --clobber 2> ...
+            ~~~~~~~~~~~~~~~~~~~~~~~~~~~~~~~~~~~~~~~~~~~~~~~~~~~~~~~~~~
    + CategoryInfo          : NotSpecified: (error connecting to api.github.com:String) [], RemoteException
    + FullyQualifiedErrorId : NativeCommandError
 
check your internet connection or https://githubstatus.com
  FAILED permanently: GoGate_Volume-3.pdf
[161/164] 21:24:04 MadeEasy_ComputerNetworks_2.pdf (52 MB)
  retry 1 failed for MadeEasy_ComputerNetworks_2.pdf: gh : error connecting to api.github.com
At D:\Gate\web-app\scripts\upload-pdfs.ps1:27 char:12
+     $out = gh release upload study-pdfs "$($f.FullName)" --clobber 2> ...
+            ~~~~~~~~~~~~~~~~~~~~~~~~~~~~~~~~~~~~~~~~~~~~~~~~~~~~~~~~~~
    + CategoryInfo          : NotSpecified: (error connecting to api.github.com:String) [], RemoteException
    + FullyQualifiedErrorId : NativeCommandError
 
check your internet connection or https://githubstatus.com
  retry 2 failed for MadeEasy_ComputerNetworks_2.pdf: gh : error connecting to api.github.com
At D:\Gate\web-app\scripts\upload-pdfs.ps1:27 char:12
+     $out = gh release upload study-pdfs "$($f.FullName)" --clobber 2> ...
+            ~~~~~~~~~~~~~~~~~~~~~~~~~~~~~~~~~~~~~~~~~~~~~~~~~~~~~~~~~~
    + CategoryInfo          : NotSpecified: (error connecting to api.github.com:String) [], RemoteException
    + FullyQualifiedErrorId : NativeCommandError
 
check your internet connection or https://githubstatus.com
  retry 3 failed for MadeEasy_ComputerNetworks_2.pdf: gh : error connecting to api.github.com
At D:\Gate\web-app\scripts\upload-pdfs.ps1:27 char:12
+     $out = gh release upload study-pdfs "$($f.FullName)" --clobber 2> ...
+            ~~~~~~~~~~~~~~~~~~~~~~~~~~~~~~~~~~~~~~~~~~~~~~~~~~~~~~~~~~
    + CategoryInfo          : NotSpecified: (error connecting to api.github.com:String) [], RemoteException
    + FullyQualifiedErrorId : NativeCommandError
 
check your internet connection or https://githubstatus.com
  FAILED permanently: MadeEasy_ComputerNetworks_2.pdf
[162/164] 21:24:20 MadeEasy_DiscreteMath_2.pdf (52.7 MB)
  retry 1 failed for MadeEasy_DiscreteMath_2.pdf: gh : error connecting to api.github.com
At D:\Gate\web-app\scripts\upload-pdfs.ps1:27 char:12
+     $out = gh release upload study-pdfs "$($f.FullName)" --clobber 2> ...
+            ~~~~~~~~~~~~~~~~~~~~~~~~~~~~~~~~~~~~~~~~~~~~~~~~~~~~~~~~~~
    + CategoryInfo          : NotSpecified: (error connecting to api.github.com:String) [], RemoteException
    + FullyQualifiedErrorId : NativeCommandError
 
check your internet connection or https://githubstatus.com
  retry 2 failed for MadeEasy_DiscreteMath_2.pdf: gh : error connecting to api.github.com
At D:\Gate\web-app\scripts\upload-pdfs.ps1:27 char:12
+     $out = gh release upload study-pdfs "$($f.FullName)" --clobber 2> ...
+            ~~~~~~~~~~~~~~~~~~~~~~~~~~~~~~~~~~~~~~~~~~~~~~~~~~~~~~~~~~
    + CategoryInfo          : NotSpecified: (error connecting to api.github.com:String) [], RemoteException
    + FullyQualifiedErrorId : NativeCommandError
 
check your internet connection or https://githubstatus.com
  retry 3 failed for MadeEasy_DiscreteMath_2.pdf: gh : error connecting to api.github.com
At D:\Gate\web-app\scripts\upload-pdfs.ps1:27 char:12
+     $out = gh release upload study-pdfs "$($f.FullName)" --clobber 2> ...
+            ~~~~~~~~~~~~~~~~~~~~~~~~~~~~~~~~~~~~~~~~~~~~~~~~~~~~~~~~~~
    + CategoryInfo          : NotSpecified: (error connecting to api.github.com:String) [], RemoteException
    + FullyQualifiedErrorId : NativeCommandError
 
check your internet connection or https://githubstatus.com
  FAILED permanently: MadeEasy_DiscreteMath_2.pdf
[163/164] 21:24:36 Gate_Pearson_2020.pdf (59.9 MB)
  retry 1 failed for Gate_Pearson_2020.pdf: gh : error connecting to api.github.com
At D:\Gate\web-app\scripts\upload-pdfs.ps1:27 char:12
+     $out = gh release upload study-pdfs "$($f.FullName)" --clobber 2> ...
+            ~~~~~~~~~~~~~~~~~~~~~~~~~~~~~~~~~~~~~~~~~~~~~~~~~~~~~~~~~~
    + CategoryInfo          : NotSpecified: (error connecting to api.github.com:String) [], RemoteException
    + FullyQualifiedErrorId : NativeCommandError
 
check your internet connection or https://githubstatus.com
  retry 2 failed for Gate_Pearson_2020.pdf: gh : error connecting to api.github.com
At D:\Gate\web-app\scripts\upload-pdfs.ps1:27 char:12
+     $out = gh release upload study-pdfs "$($f.FullName)" --clobber 2> ...
+            ~~~~~~~~~~~~~~~~~~~~~~~~~~~~~~~~~~~~~~~~~~~~~~~~~~~~~~~~~~
    + CategoryInfo          : NotSpecified: (error connecting to api.github.com:String) [], RemoteException
    + FullyQualifiedErrorId : NativeCommandError
 
check your internet connection or https://githubstatus.com
  retry 3 failed for Gate_Pearson_2020.pdf: gh : error connecting to api.github.com
At D:\Gate\web-app\scripts\upload-pdfs.ps1:27 char:12
+     $out = gh release upload study-pdfs "$($f.FullName)" --clobber 2> ...
+            ~~~~~~~~~~~~~~~~~~~~~~~~~~~~~~~~~~~~~~~~~~~~~~~~~~~~~~~~~~
    + CategoryInfo          : NotSpecified: (error connecting to api.github.com:String) [], RemoteException
    + FullyQualifiedErrorId : NativeCommandError
 
check your internet connection or https://githubstatus.com
  FAILED permanently: Gate_Pearson_2020.pdf
[164/164] 21:24:52 LinearAlgebra_Notes.pdf (130 MB)
DONE 2026-10-08T21:28:34.4233951+05:30
